../Core/Src/main.cpp:91:5:int main()	48	static
../Core/Src/main.cpp:173:6:void SystemClock_Config()	88	static
../Core/Src/main.cpp:228:13:void MX_CAN2_Init()	8	static
../Core/Src/main.cpp:265:13:void MX_TIM1_Init()	96	static
../Core/Src/main.cpp:344:13:void MX_TIM2_Init()	64	static
../Core/Src/main.cpp:403:13:void MX_USART2_UART_Init()	8	static
../Core/Src/main.cpp:436:13:void MX_GPIO_Init()	48	static
../Core/Src/main.cpp:493:6:void HAL_CAN_RxFifo0MsgPendingCallback(CAN_HandleTypeDef*)	112	static
../Core/Src/main.cpp:525:5:int _write(int, char*, int)	24	static
../Core/Src/main.cpp:536:6:void Error_Handler()	4	static,ignoring_inline_asm
/opt/st/stm32cubeide_1.12.0/plugins/com.st.stm32cube.ide.mcu.externaltools.gnu-tools-for-stm32.10.3-2021.10.linux64_1.0.200.202301161003/tools/arm-none-eabi/include/c++/10.3.1/array:185:7:std::array<_Tp, _Nm>::value_type& std::array<_Tp, _Nm>::operator[](std::array<_Tp, _Nm>::size_type) [with _Tp = int; unsigned int _Nm = 8]	16	static
/opt/st/stm32cubeide_1.12.0/plugins/com.st.stm32cube.ide.mcu.externaltools.gnu-tools-for-stm32.10.3-2021.10.linux64_1.0.200.202301161003/tools/arm-none-eabi/include/c++/10.3.1/array:55:7:static constexpr _Tp& std::__array_traits<_Tp, _Nm>::_S_ref(const _Tp (&)[_Nm], std::size_t) [with _Tp = int; unsigned int _Nm = 8]	16	static
