../Core/Src/main.cpp:84:5:int main()	48	static
../Core/Src/main.cpp:159:6:void SystemClock_Config()	88	static
../Core/Src/main.cpp:214:13:void MX_CAN2_Init()	8	static
../Core/Src/main.cpp:251:13:void MX_USART2_UART_Init()	8	static
../Core/Src/main.cpp:284:13:void MX_GPIO_Init()	48	static
../Core/Src/main.cpp:324:8:void HAL_CAN_RxFifo0MsgPendingCallback(CAN_HandleTypeDef*)	104	static
../Core/Src/main.cpp:364:7:int _write(int, char*, int)	24	static
../Core/Src/main.cpp:370:7:int judge_switch(std::array<int, 4>&, std::array<int, 4>&)	24	static
../Core/Src/main.cpp:378:8:void toggle_prog(int)	16	static
../Core/Src/main.cpp:397:8:void emergency_prog()	8	static
../Core/Src/main.cpp:401:8:void recovery_prog()	8	static
../Core/Src/main.cpp:410:6:void Error_Handler()	4	static,ignoring_inline_asm
/opt/st/stm32cubeide_1.12.0/plugins/com.st.stm32cube.ide.mcu.externaltools.gnu-tools-for-stm32.10.3-2021.10.linux64_1.0.200.202301161003/tools/arm-none-eabi/include/c++/10.3.1/array:185:7:std::array<_Tp, _Nm>::value_type& std::array<_Tp, _Nm>::operator[](std::array<_Tp, _Nm>::size_type) [with _Tp = int; unsigned int _Nm = 4]	16	static
/opt/st/stm32cubeide_1.12.0/plugins/com.st.stm32cube.ide.mcu.externaltools.gnu-tools-for-stm32.10.3-2021.10.linux64_1.0.200.202301161003/tools/arm-none-eabi/include/c++/10.3.1/array:282:5:bool std::operator!=(const std::array<_Tp, _Nm>&, const std::array<_Tp, _Nm>&) [with _Tp = int; unsigned int _Nm = 4]	16	static
/opt/st/stm32cubeide_1.12.0/plugins/com.st.stm32cube.ide.mcu.externaltools.gnu-tools-for-stm32.10.3-2021.10.linux64_1.0.200.202301161003/tools/arm-none-eabi/include/c++/10.3.1/array:55:7:static constexpr _Tp& std::__array_traits<_Tp, _Nm>::_S_ref(const _Tp (&)[_Nm], std::size_t) [with _Tp = int; unsigned int _Nm = 4]	16	static
/opt/st/stm32cubeide_1.12.0/plugins/com.st.stm32cube.ide.mcu.externaltools.gnu-tools-for-stm32.10.3-2021.10.linux64_1.0.200.202301161003/tools/arm-none-eabi/include/c++/10.3.1/array:253:5:bool std::operator==(const std::array<_Tp, _Nm>&, const std::array<_Tp, _Nm>&) [with _Tp = int; unsigned int _Nm = 4]	24	static
/opt/st/stm32cubeide_1.12.0/plugins/com.st.stm32cube.ide.mcu.externaltools.gnu-tools-for-stm32.10.3-2021.10.linux64_1.0.200.202301161003/tools/arm-none-eabi/include/c++/10.3.1/array:130:7:const value_type* std::array<_Tp, _Nm>::begin() const [with _Tp = int; unsigned int _Nm = 4]	16	static
/opt/st/stm32cubeide_1.12.0/plugins/com.st.stm32cube.ide.mcu.externaltools.gnu-tools-for-stm32.10.3-2021.10.linux64_1.0.200.202301161003/tools/arm-none-eabi/include/c++/10.3.1/array:138:7:const value_type* std::array<_Tp, _Nm>::end() const [with _Tp = int; unsigned int _Nm = 4]	16	static
/opt/st/stm32cubeide_1.12.0/plugins/com.st.stm32cube.ide.mcu.externaltools.gnu-tools-for-stm32.10.3-2021.10.linux64_1.0.200.202301161003/tools/arm-none-eabi/include/c++/10.3.1/bits/stl_algobase.h:1404:5:bool std::equal(_II1, _II1, _II2) [with _II1 = const int*; _II2 = const int*]	24	static
/opt/st/stm32cubeide_1.12.0/plugins/com.st.stm32cube.ide.mcu.externaltools.gnu-tools-for-stm32.10.3-2021.10.linux64_1.0.200.202301161003/tools/arm-none-eabi/include/c++/10.3.1/array:238:7:const value_type* std::array<_Tp, _Nm>::data() const [with _Tp = int; unsigned int _Nm = 4]	16	static
/opt/st/stm32cubeide_1.12.0/plugins/com.st.stm32cube.ide.mcu.externaltools.gnu-tools-for-stm32.10.3-2021.10.linux64_1.0.200.202301161003/tools/arm-none-eabi/include/c++/10.3.1/bits/stl_algobase.h:1162:5:bool std::__equal_aux(_II1, _II1, _II2) [with _II1 = const int*; _II2 = const int*]	32	static
/opt/st/stm32cubeide_1.12.0/plugins/com.st.stm32cube.ide.mcu.externaltools.gnu-tools-for-stm32.10.3-2021.10.linux64_1.0.200.202301161003/tools/arm-none-eabi/include/c++/10.3.1/array:59:7:static constexpr _Tp* std::__array_traits<_Tp, _Nm>::_S_ptr(const _Tp (&)[_Nm]) [with _Tp = int; unsigned int _Nm = 4]	16	static
/opt/st/stm32cubeide_1.12.0/plugins/com.st.stm32cube.ide.mcu.externaltools.gnu-tools-for-stm32.10.3-2021.10.linux64_1.0.200.202301161003/tools/arm-none-eabi/include/c++/10.3.1/bits/stl_algobase.h:313:5:_Iterator std::__niter_base(_Iterator) [with _Iterator = const int*]	16	static
/opt/st/stm32cubeide_1.12.0/plugins/com.st.stm32cube.ide.mcu.externaltools.gnu-tools-for-stm32.10.3-2021.10.linux64_1.0.200.202301161003/tools/arm-none-eabi/include/c++/10.3.1/bits/stl_algobase.h:1150:5:bool std::__equal_aux1(_II1, _II1, _II2) [with _II1 = const int*; _II2 = const int*]	32	static
/opt/st/stm32cubeide_1.12.0/plugins/com.st.stm32cube.ide.mcu.externaltools.gnu-tools-for-stm32.10.3-2021.10.linux64_1.0.200.202301161003/tools/arm-none-eabi/include/c++/10.3.1/bits/stl_algobase.h:1119:2:static bool std::__equal<true>::equal(const _Tp*, const _Tp*, const _Tp*) [with _Tp = int]	32	static
/opt/st/stm32cubeide_1.12.0/plugins/com.st.stm32cube.ide.mcu.externaltools.gnu-tools-for-stm32.10.3-2021.10.linux64_1.0.200.202301161003/tools/arm-none-eabi/include/c++/10.3.1/bits/stl_algobase.h:90:5:constexpr int std::__memcmp(const _Tp*, const _Up*, std::size_t) [with _Tp = int; _Up = int]	24	static
